21 issues:
#1      TestUser Testing
#2      TestUser Testing
#3      TestUser Testing
#4      TestUser Testing
#5      TestUser Testing
#6      TestUser Testing
#7      TestUser Testing
#8      TestUser Testing
#9      TestUser Testing
#10     TestUser Testing
#11     TestUser Testing
#12     TestUser Testing
#13     TestUser Testing
#14     TestUser Testing
#15     TestUser Testing
#16     TestUser Testing
#17     TestUser Testing
#18     TestUser Testing
#19     TestUser Testing
#20     TestUser Testing
(Showing issues 1-20)
